Divide by zero exception
    ./test/golden/error.divide-zero.jsonnet:14:1,15:1