Index out of bounds: 100
    ./test/golden/error.index-out-of-bounds.jsonnet:3:10,3:17