Runtime error: Assertion failed. 1 != 2
  ./test/golden/error.sanity.jsonnet:14:1-16 function <anonymous>
  ./test/golden/error.sanity.jsonnet:14:1-16 