Runtime error: too many args, function has 2 parameter(s)
  ./test/golden/error.function_too_many_args.jsonnet:16:1-4 function <foo>
  ./test/golden/error.function_too_many_args.jsonnet:16:1-4 