Static error: duplicate parameter x
    ./test/golden/error.function_duplicate_param.jsonnet:14:9,15:1