Runtime error: x should be equal to y
  ./test/golden/error.assert.fail1.jsonnet:17:1-20:1 