Runtime error: no such key: y
  ./test/golden/error.field-not-exist.jsonnet:14:1-15:1 